# meta/policy-changes.log -- audit trail for policy.allowDirectCommitsToMaster transitions (#746)
2026-05-22T16:03:52Z actor=task policy:allow-direct-commits allowDirectCommitsToMaster=true previous=None
2026-05-22T16:04:05Z actor=task policy:enforce-branches allowDirectCommitsToMaster=false previous=True
2026-05-22T16:20:30Z actor=task policy:allow-direct-commits allowDirectCommitsToMaster=true previous=None
2026-05-22T16:21:20Z actor=task policy:enforce-branches allowDirectCommitsToMaster=false previous=True
2026-05-22T16:35:40Z actor=task policy:allow-direct-commits allowDirectCommitsToMaster=true previous=True
2026-05-22T16:36:26Z actor=task policy:enforce-branches allowDirectCommitsToMaster=false previous=True
2026-05-22T16:44:14Z actor=task policy:allow-direct-commits allowDirectCommitsToMaster=true previous=True
2026-05-22T16:44:46Z actor=task policy:enforce-branches allowDirectCommitsToMaster=false previous=True
2026-05-22T19:13:03Z actor=task policy:allow-direct-commits allowDirectCommitsToMaster=true previous=True
2026-05-22T19:13:30Z actor=task policy:enforce-branches allowDirectCommitsToMaster=false previous=True
2026-05-22T19:16:28Z actor=task policy:allow-direct-commits allowDirectCommitsToMaster=true previous=True
2026-05-22T19:16:30Z actor=task policy:enforce-branches allowDirectCommitsToMaster=false previous=True
2026-05-22T19:48:49Z actor=task policy:allow-direct-commits allowDirectCommitsToMaster=true previous=True
2026-06-05T15:44:19Z actor=triage-welcome field=plan.policy.wipCap value=15 previous=None changed=true
2026-06-07T20:59:00Z actor=task policy:enforce-branches allowDirectCommitsToMaster=false previous=True
2026-06-08T18:04:18Z actor=task policy:allow-direct-commits allowDirectCommitsToMaster=true previous=False
2026-06-08T18:14:28Z actor=task policy:enforce-branches allowDirectCommitsToMaster=false previous=True
2026-06-08T21:17:56Z actor=task policy:allow-direct-commits allowDirectCommitsToMaster=true previous=False
2026-06-08T21:21:23Z actor=task policy:enforce-branches allowDirectCommitsToMaster=false previous=True
2026-06-08T21:34:31Z actor=task policy:allow-direct-commits allowDirectCommitsToMaster=true previous=False
2026-06-08T21:40:36Z actor=task policy:enforce-branches allowDirectCommitsToMaster=false previous=True
2026-06-09T22:10:46Z actor=task policy:allow-direct-commits allowDirectCommitsToMaster=true previous=False
2026-06-09T22:35:09Z actor=task policy:enforce-branches allowDirectCommitsToMaster=false previous=True
2026-06-09T23:28:51Z actor=task policy:allow-direct-commits allowDirectCommitsToMaster=true previous=False
2026-06-09T23:40:54Z actor=task policy:enforce-branches allowDirectCommitsToMaster=false previous=True
2026-06-15T18:30:56Z actor=task policy:allow-direct-commits allowDirectCommitsToMaster=true previous=False
2026-06-15T18:52:20Z actor=task policy:enforce-branches allowDirectCommitsToMaster=false previous=True
2026-06-16T13:15:32Z actor=task policy:allow-direct-commits allowDirectCommitsToMaster=true previous=False
2026-06-16T13:25:16Z actor=task policy:enforce-branches allowDirectCommitsToMaster=false previous=True
2026-06-16T15:16:21Z actor=task policy:allow-direct-commits allowDirectCommitsToMaster=true previous=False
2026-06-16T15:18:01Z actor=task policy:enforce-branches allowDirectCommitsToMaster=false previous=True
2026-06-17T01:42:02Z actor=task policy:allow-direct-commits allowDirectCommitsToMaster=true previous=False
2026-06-17T01:51:15Z actor=task policy:enforce-branches allowDirectCommitsToMaster=false previous=True
2026-06-18T15:05:19Z actor=task policy:allow-direct-commits allowDirectCommitsToMaster=true previous=False
2026-06-18T15:21:36Z actor=task policy:enforce-branches allowDirectCommitsToMaster=false previous=True
2026-06-21T23:10:51Z actor=task policy:allow-direct-commits allowDirectCommitsToMaster=true previous=False
2026-06-21T23:32:46Z actor=task policy:enforce-branches allowDirectCommitsToMaster=false previous=True
2026-06-22T00:25:21Z actor=task policy:allow-direct-commits allowDirectCommitsToMaster=true previous=False
2026-06-22T00:43:24Z actor=task policy:enforce-branches allowDirectCommitsToMaster=false previous=True
2026-06-22T18:11:53Z actor=task policy:allow-direct-commits allowDirectCommitsToMaster=true previous=False
2026-06-22T18:23:24Z actor=task policy:enforce-branches allowDirectCommitsToMaster=false previous=True
2026-06-23T01:16:01Z actor=task policy:allow-direct-commits allowDirectCommitsToMaster=true previous=False
2026-06-23T01:31:57Z actor=task policy:enforce-branches allowDirectCommitsToMaster=false previous=True
2026-06-24T10:59:20Z actor=task policy:allow-direct-commits allowDirectCommitsToMaster=true previous=False
2026-06-24T11:18:35Z actor=task policy:enforce-branches allowDirectCommitsToMaster=false previous=True
2026-06-25T22:05:32Z actor=task policy:allow-direct-commits allowDirectCommitsToMaster=true previous=False
2026-06-25T22:09:30Z actor=task policy:enforce-branches allowDirectCommitsToMaster=false previous=True
2026-06-26T20:07:44Z actor=task policy:allow-direct-commits allowDirectCommitsToMaster=true previous=False
2026-06-26T20:13:10Z actor=task policy:enforce-branches allowDirectCommitsToMaster=false previous=True
2026-06-28T18:25:33Z actor=task policy:allow-direct-commits allowDirectCommitsToMaster=true previous=False
2026-06-28T18:31:36Z actor=task policy:enforce-branches allowDirectCommitsToMaster=false previous=True
2026-06-28T20:22:51Z actor=task policy:allow-direct-commits allowDirectCommitsToMaster=true previous=False
2026-06-28T20:30:33Z actor=task policy:enforce-branches allowDirectCommitsToMaster=false previous=True
2026-06-28T22:04:07Z actor=task policy:allow-direct-commits allowDirectCommitsToMaster=true previous=False
2026-06-28T22:07:53Z actor=task policy:enforce-branches allowDirectCommitsToMaster=false previous=True
2026-06-29T13:59:20Z actor=task policy:allow-direct-commits allowDirectCommitsToMaster=true previous=False
2026-06-29T14:11:41Z actor=task policy:enforce-branches allowDirectCommitsToMaster=false previous=True
2026-06-29T17:44:38Z actor=task policy:allow-direct-commits allowDirectCommitsToMaster=true previous=False
2026-06-29T17:58:43Z actor=task policy:enforce-branches allowDirectCommitsToMaster=false previous=True
2026-06-29T20:29:11Z actor=task policy:allow-direct-commits allowDirectCommitsToMaster=true previous=False
2026-06-29T20:33:11Z actor=task policy:enforce-branches allowDirectCommitsToMaster=false previous=True
2026-06-29T20:33:18Z actor=task policy:allow-direct-commits allowDirectCommitsToMaster=true previous=False
2026-06-29T20:33:26Z actor=task policy:enforce-branches allowDirectCommitsToMaster=false previous=True
2026-06-30T00:41:03Z actor=task policy:allow-direct-commits allowDirectCommitsToMaster=true previous=False
2026-06-30T00:44:43Z actor=task policy:enforce-branches allowDirectCommitsToMaster=false previous=True
2026-07-01T19:13:08Z actor=task policy:allow-direct-commits allowDirectCommitsToMaster=true previous=False
2026-07-01T19:29:02Z actor=task policy:enforce-branches allowDirectCommitsToMaster=false previous=True
2026-07-01T20:35:16Z actor=task policy:allow-direct-commits allowDirectCommitsToMaster=true previous=False
2026-07-01T20:37:38Z actor=task policy:enforce-branches allowDirectCommitsToMaster=false previous=True
2026-07-01T20:37:44Z actor=task policy:allow-direct-commits allowDirectCommitsToMaster=true previous=False
2026-07-01T20:37:51Z actor=task policy:enforce-branches allowDirectCommitsToMaster=false previous=True
2026-07-01T23:45:07Z actor=task policy:allow-direct-commits allowDirectCommitsToMaster=true previous=False
2026-07-01T23:49:56Z actor=task policy:enforce-branches allowDirectCommitsToMaster=false previous=True
2026-07-01T23:49:59Z actor=task policy:allow-direct-commits allowDirectCommitsToMaster=true previous=False
2026-07-01T23:50:00Z actor=task policy:enforce-branches allowDirectCommitsToMaster=false previous=True
2026-07-01T23:50:05Z actor=task policy:allow-direct-commits allowDirectCommitsToMaster=true previous=False
2026-07-01T23:50:09Z actor=task policy:enforce-branches allowDirectCommitsToMaster=false previous=True
2026-07-01T23:50:18Z actor=task policy:allow-direct-commits allowDirectCommitsToMaster=true previous=False
2026-07-01T23:50:21Z actor=task policy:enforce-branches allowDirectCommitsToMaster=false previous=True
2026-07-01T23:50:27Z actor=task policy:allow-direct-commits allowDirectCommitsToMaster=true previous=False
2026-07-01T23:50:28Z actor=task policy:enforce-branches allowDirectCommitsToMaster=false previous=True
2026-07-02T19:56:51Z actor=task policy:allow-direct-commits allowDirectCommitsToMaster=true previous=False
2026-07-02T20:09:29Z actor=task policy:enforce-branches allowDirectCommitsToMaster=false previous=True
2026-07-03T16:48:06Z actor=task policy:allow-direct-commits allowDirectCommitsToMaster=true previous=False
2026-07-03T16:53:35Z actor=task policy:enforce-branches allowDirectCommitsToMaster=false previous=True
2026-07-03T20:20:43Z actor=task policy:allow-direct-commits allowDirectCommitsToMaster=true previous=False
2026-07-03T20:27:45Z actor=task policy:enforce-branches allowDirectCommitsToMaster=false previous=True
2026-07-05T18:14:34Z actor=task policy:allow-direct-commits allowDirectCommitsToMaster=true previous=False
2026-07-05T18:18:22Z actor=task policy:enforce-branches allowDirectCommitsToMaster=false previous=True
2026-07-06T00:56:08Z actor=task policy:allow-direct-commits allowDirectCommitsToMaster=true previous=False
2026-07-06T01:17:52Z actor=task policy:enforce-branches allowDirectCommitsToMaster=false previous=True
2026-07-09T17:50:35Z actor=deft policy:allow-direct-commits allowDirectCommitsToMaster=true previous=False
2026-07-09T18:07:20Z actor=deft policy:enforce-branches allowDirectCommitsToMaster=false previous=True
2026-07-10T02:28:21Z actor=deft policy:allow-direct-commits allowDirectCommitsToMaster=true previous=False
2026-07-10T02:28:59Z actor=deft policy:allow-direct-commits allowDirectCommitsToMaster=true previous=True
2026-07-10T02:59:58Z actor=deft policy:enforce-branches allowDirectCommitsToMaster=false previous=True
2026-07-13T14:17:03Z actor=deft policy:allow-direct-commits allowDirectCommitsToMaster=true previous=False
2026-07-13T14:38:18Z actor=deft policy:enforce-branches allowDirectCommitsToMaster=false previous=True
2026-07-14T13:02:09Z actor=deft policy:allow-direct-commits allowDirectCommitsToMaster=true previous=False
2026-07-14T13:20:06Z actor=deft policy:enforce-branches allowDirectCommitsToMaster=false previous=True
2026-07-14T13:20:16Z actor=deft policy:allow-direct-commits allowDirectCommitsToMaster=true previous=False
2026-07-14T13:20:19Z actor=deft policy:enforce-branches allowDirectCommitsToMaster=false previous=True
2026-07-15T17:31:12Z actor=deft policy:allow-direct-commits allowDirectCommitsToMaster=true previous=False
2026-07-15T19:05:36Z actor=deft policy:enforce-branches allowDirectCommitsToMaster=false previous=True
2026-07-16T20:58:20Z actor=deft policy:allow-direct-commits allowDirectCommitsToMaster=true previous=False
2026-07-16T23:24:56Z actor=deft policy:enforce-branches allowDirectCommitsToMaster=false previous=True
